Component: ARM Compiler 5.06 update 7 (build 960) Tool: armlink [4d3601]

==============================================================================

Section Cross References

    main.o(RESET) refers to main.o(RAM) for SP_INIT
    main.o(RESET) refers to main.o(StudentCode) for Reset_Handler
    main.o(StudentCode) refers to main.o(RAM) for SP_INIT


==============================================================================

Image Symbol Table

    Local Symbols

    Symbol Name                              Value     Ov Type        Size  Object(Section)

    RESET                                    0x00000000   Section      192  main.o(RESET)
    main.s                                   0x00000000   Number         0  main.o ABSOLUTE
    StudentCode                              0x000000c0   Section      100  main.o(StudentCode)
    RAM                                      0x1ffff000   Section      320  main.o(RAM)
    RAM_Data                                 0x1ffff100   Data          64  main.o(RAM)
    SP_INIT                                  0x1ffff100   Data           0  main.o(RAM)

    Global Symbols

    Symbol Name                              Value     Ov Type        Size  Object(Section)

    BuildAttributes$$THM_ISAv3M$S$PE$A:L22$X:L11$S22$IEEE1$IW$USESV6$~STKCKD$USESV7$~SHL$OSPACE$EBA8$STANDARDLIB$EABIv2 0x00000000   Number         0  anon$$obj.o ABSOLUTE
    __Vectors                                0x00000000   Data           0  main.o(RESET)
    Reset_Handler                            0x000000c1   Thumb Code     0  main.o(StudentCode)



==============================================================================

Memory Map of the image

  Image Entry point : 0x000000c1

  Load Region LR_1 (Base: 0x00000000, Size: 0x00000264, Max: 0xffffffff, ABSOLUTE)

    Execution Region ER_RO (Exec base: 0x00000000, Load base: 0x00000000, Size: 0x00000124, Max: 0xffffffff, ABSOLUTE)

    Exec Addr    Load Addr    Size         Type   Attr      Idx    E Section Name        Object

    0x00000000   0x00000000   0x000000c0   Data   RO            1    RESET               main.o
    0x000000c0   0x000000c0   0x00000064   Code   RO            3  * StudentCode         main.o


    Execution Region ER_RW (Exec base: 0x1ffff000, Load base: 0x00000124, Size: 0x00000140, Max: 0xffffffff, ABSOLUTE)

    Exec Addr    Load Addr    Size         Type   Attr      Idx    E Section Name        Object

    0x1ffff000   0x00000124   0x00000140   Data   RW            2    RAM                 main.o


    Execution Region ER_ZI (Exec base: 0x1ffff140, Load base: 0x00000264, Size: 0x00000000, Max: 0xffffffff, ABSOLUTE)

    **** No section assigned to this execution region ****


==============================================================================

Image component sizes


      Code (inc. data)   RO Data    RW Data    ZI Data      Debug   Object Name

       100         26        192        320          0        260   main.o

    ----------------------------------------------------------------------
       100         26        192        320          0        260   Object Totals
         0          0          0          0          0          0   (incl. Generated)
         0          0          0          0          0          0   (incl. Padding)

    ----------------------------------------------------------------------
         0          0          0          0          0          0   Library Totals
         0          0          0          0          0          0   (incl. Padding)

    ----------------------------------------------------------------------

==============================================================================


      Code (inc. data)   RO Data    RW Data    ZI Data      Debug   

       100         26        192        320          0        260   Grand Totals
       100         26        192        320          0        260   ELF Image Totals
       100         26        192        320          0          0   ROM Totals

==============================================================================

    Total RO  Size (Code + RO Data)                  292 (   0.29kB)
    Total RW  Size (RW Data + ZI Data)               320 (   0.31kB)
    Total ROM Size (Code + RO Data + RW Data)        612 (   0.60kB)

==============================================================================

